// Jest Snapshot v1, https://goo.gl/fbAQLP

exports[`Home Render Home correctly 1`] = `
<main>
  <div
    className="card-container"
  >
    <h1
      className="no-result"
    >
      No Results Found!
    </h1>
  </div>
</main>
`;
